I'm sorry, but errors were detected in your script. Please correct the
errors listed below, and try again.


File "game/lithuania_start.rpy", line 52: choice menuitem expects a non-empty block.
    ":DDDDDDDDDDDDD":
                     ^

Ren'Py Version: Ren'Py 6.99.8.959
